[30-Apr-2026 10:44:09 Europe/Berlin] PHP Fatal error:  Uncaught PDOException: SQLSTATE[42S22]: Column not found: 1054 Unknown column 'quantity' in 'field list' in C:\xampp\htdocs\TFG\Codigo\models\wishList.php:26
Stack trace:
#0 C:\xampp\htdocs\TFG\Codigo\models\wishList.php(26): PDOStatement->execute(Array)
#1 C:\xampp\htdocs\TFG\Codigo\controllers\WishListController.php(38): WishList->add(2, 'bw3-83', 'Durant', 'https://assets....')
#2 C:\xampp\htdocs\TFG\Codigo\lib\Router.php(29): WishListController->add()
#3 C:\xampp\htdocs\TFG\Codigo\index.php(33): Router->dispatch('/TFG/Codigo/wis...')
#4 {main}
  thrown in C:\xampp\htdocs\TFG\Codigo\models\wishList.php on line 26
[30-Apr-2026 10:52:41 Europe/Berlin] PHP Fatal error:  Uncaught PDOException: SQLSTATE[42S22]: Column not found: 1054 Unknown column 'quantity' in 'field list' in C:\xampp\htdocs\TFG\Codigo\models\wishList.php:26
Stack trace:
#0 C:\xampp\htdocs\TFG\Codigo\models\wishList.php(26): PDOStatement->execute(Array)
#1 C:\xampp\htdocs\TFG\Codigo\controllers\WishListController.php(36): WishList->add(2, 'bw3-83', 'Durant', 'https://assets....')
#2 C:\xampp\htdocs\TFG\Codigo\lib\Router.php(29): WishListController->add()
#3 C:\xampp\htdocs\TFG\Codigo\index.php(33): Router->dispatch('/TFG/Codigo/wis...')
#4 {main}
  thrown in C:\xampp\htdocs\TFG\Codigo\models\wishList.php on line 26
[30-Apr-2026 10:53:05 Europe/Berlin] PHP Fatal error:  Uncaught PDOException: SQLSTATE[42S22]: Column not found: 1054 Unknown column 'quantity' in 'field list' in C:\xampp\htdocs\TFG\Codigo\models\wishList.php:26
Stack trace:
#0 C:\xampp\htdocs\TFG\Codigo\models\wishList.php(26): PDOStatement->execute(Array)
#1 C:\xampp\htdocs\TFG\Codigo\controllers\WishListController.php(36): WishList->add(2, 'bw3-83', 'Durant', 'https://assets....')
#2 C:\xampp\htdocs\TFG\Codigo\lib\Router.php(29): WishListController->add()
#3 C:\xampp\htdocs\TFG\Codigo\index.php(33): Router->dispatch('/TFG/Codigo/wis...')
#4 {main}
  thrown in C:\xampp\htdocs\TFG\Codigo\models\wishList.php on line 26
[30-Apr-2026 10:53:12 Europe/Berlin] PHP Fatal error:  Uncaught PDOException: SQLSTATE[42S22]: Column not found: 1054 Unknown column 'quantity' in 'field list' in C:\xampp\htdocs\TFG\Codigo\models\wishList.php:26
Stack trace:
#0 C:\xampp\htdocs\TFG\Codigo\models\wishList.php(26): PDOStatement->execute(Array)
#1 C:\xampp\htdocs\TFG\Codigo\controllers\WishListController.php(36): WishList->add(2, 'bw3-83', 'Durant', 'https://assets....')
#2 C:\xampp\htdocs\TFG\Codigo\lib\Router.php(29): WishListController->add()
#3 C:\xampp\htdocs\TFG\Codigo\index.php(33): Router->dispatch('/TFG/Codigo/wis...')
#4 {main}
  thrown in C:\xampp\htdocs\TFG\Codigo\models\wishList.php on line 26
[30-Apr-2026 10:56:51 Europe/Berlin] PHP Fatal error:  Uncaught PDOException: SQLSTATE[23000]: Integrity constraint violation: 1452 Cannot add or update a child row: a foreign key constraint fails (`shinny_hunt`.`wishlists`, CONSTRAINT `wishlists_ibfk_1` FOREIGN KEY (`user_id`) REFERENCES `users` (`id`) ON DELETE CASCADE) in C:\xampp\htdocs\TFG\Codigo\models\wishList.php:26
Stack trace:
#0 C:\xampp\htdocs\TFG\Codigo\models\wishList.php(26): PDOStatement->execute(Array)
#1 C:\xampp\htdocs\TFG\Codigo\controllers\WishListController.php(36): WishList->add(2, 'bw3-83', 'Durant', 'https://assets....')
#2 C:\xampp\htdocs\TFG\Codigo\lib\Router.php(29): WishListController->add()
#3 C:\xampp\htdocs\TFG\Codigo\index.php(33): Router->dispatch('/TFG/Codigo/wis...')
#4 {main}
  thrown in C:\xampp\htdocs\TFG\Codigo\models\wishList.php on line 26
